// Jest Snapshot v1, https://goo.gl/fbAQLP

exports[`workers/pr/body generate the message markdown 1`] = `
"This PR contains the following updates:

| Package | Type | Update | Change |
|---|---|---|---|
| [@&#8203;scope/package-with-link](http://scope.com/package-with-link) | dependencies | patch | \`^10.1.1\` -> \`^10.1.2\` |
| @&#8203;scope/package-without-link | dependencies | patch | \`^10.1.1\` -> \`^10.1.2\` |

---

### Renovate configuration

:date: **Schedule**: At any time (no schedule defined).

:vertical_traffic_light: **Automerge**: Disabled by config. Please merge this manually once you are satisfied.

:recycle: **Rebasing**: Whenever PR becomes conflicted, or you tick the rebase/retry checkbox.

:no_bell: **Ignore**: Close this PR and you won't be reminded about these updates again.

---

 - [ ] <!-- rebase-check -->If you want to rebase/retry this PR, check this box

---

This PR has been generated by [Renovate Bot](https://github.com/renovatebot/renovate)."
`;
